===== 2025-11-17 21:12:31 =====
Pod: adservice-69c999466b-l47d4  -->  Threads = 71
Pod: cartservice-74fdcbdfc7-snbhg  -->  Threads = 34
Pod: checkoutservice-87569748b-5zvmn  -->  Threads = 7
Pod: currencyservice-859cd748bb-rgncm  -->  Threads = 11
Pod: emailservice-774554554-vfjct  -->  Threads = 18
Pod: frontend-746b4ff874-t6ht2  -->  Threads = 7
Pod: kubernetes-dashboard-67f58969f5-w9bfg  -->  No data (pod might not be ready)
Pod: paymentservice-8bf8cf654-vkfcp  -->  Threads = 11
Pod: productcatalogservice-6696d846cb-hsjrg  -->  Threads = 9
Pod: recommendationservice-7dc89678c4-fmcrm  -->  Threads = 21
Pod: redis-cart-c4fc658fb-6qn4n  -->  Threads = 7
Pod: shippingservice-5485cddddd-w8q8g  -->  Threads = 8

===== 2025-11-17 21:12:39 =====
Pod: adservice-69c999466b-l47d4  -->  Threads = 71
Pod: cartservice-74fdcbdfc7-snbhg  -->  Threads = 39
Pod: checkoutservice-87569748b-5zvmn  -->  Threads = 7
Pod: currencyservice-859cd748bb-rgncm  -->  Threads = 11
Pod: emailservice-774554554-vfjct  -->  Threads = 18
Pod: frontend-746b4ff874-t6ht2  -->  Threads = 7
Pod: kubernetes-dashboard-67f58969f5-w9bfg  -->  No data (pod might not be ready)
Pod: paymentservice-8bf8cf654-vkfcp  -->  Threads = 11
Pod: productcatalogservice-6696d846cb-hsjrg  -->  Threads = 9
Pod: recommendationservice-7dc89678c4-fmcrm  -->  Threads = 21
Pod: redis-cart-c4fc658fb-6qn4n  -->  Threads = 7
Pod: shippingservice-5485cddddd-w8q8g  -->  Threads = 8

===== 2025-11-17 21:12:48 =====
Pod: adservice-69c999466b-l47d4  -->  Threads = 71
Pod: cartservice-74fdcbdfc7-snbhg  -->  Threads = 39
Pod: checkoutservice-87569748b-5zvmn  -->  Threads = 7
Pod: currencyservice-859cd748bb-rgncm  -->  Threads = 11
Pod: emailservice-774554554-vfjct  -->  Threads = 18
Pod: frontend-746b4ff874-t6ht2  -->  Threads = 7
Pod: kubernetes-dashboard-67f58969f5-w9bfg  -->  No data (pod might not be ready)
Pod: paymentservice-8bf8cf654-vkfcp  -->  Threads = 11
Pod: productcatalogservice-6696d846cb-hsjrg  -->  Threads = 9
Pod: recommendationservice-7dc89678c4-fmcrm  -->  Threads = 21
Pod: redis-cart-c4fc658fb-6qn4n  -->  Threads = 7
Pod: shippingservice-5485cddddd-w8q8g  -->  Threads = 8

===== 2025-11-17 21:12:56 =====
Pod: adservice-69c999466b-l47d4  -->  Threads = 71
Pod: cartservice-74fdcbdfc7-snbhg  -->  Threads = 39
Pod: checkoutservice-87569748b-5zvmn  -->  Threads = 7
Pod: currencyservice-859cd748bb-rgncm  -->  Threads = 11
Pod: emailservice-774554554-vfjct  -->  Threads = 18
Pod: frontend-746b4ff874-t6ht2  -->  Threads = 7
Pod: kubernetes-dashboard-67f58969f5-w9bfg  -->  No data (pod might not be ready)
Pod: paymentservice-8bf8cf654-vkfcp  -->  Threads = 11
Pod: productcatalogservice-6696d846cb-hsjrg  -->  Threads = 9
Pod: recommendationservice-7dc89678c4-fmcrm  -->  Threads = 21
Pod: redis-cart-c4fc658fb-6qn4n  -->  Threads = 7
Pod: shippingservice-5485cddddd-w8q8g  -->  Threads = 8

===== 2025-11-17 21:13:04 =====
Pod: adservice-69c999466b-l47d4  -->  Threads = 71
Pod: cartservice-74fdcbdfc7-snbhg  -->  Threads = 39
Pod: checkoutservice-87569748b-5zvmn  -->  Threads = 7
Pod: currencyservice-859cd748bb-rgncm  -->  Threads = 11
Pod: emailservice-774554554-vfjct  -->  Threads = 18
Pod: frontend-746b4ff874-t6ht2  -->  Threads = 7
Pod: kubernetes-dashboard-67f58969f5-w9bfg  -->  No data (pod might not be ready)
Pod: paymentservice-8bf8cf654-vkfcp  -->  Threads = 11
Pod: productcatalogservice-6696d846cb-hsjrg  -->  Threads = 9
Pod: recommendationservice-7dc89678c4-fmcrm  -->  Threads = 21
Pod: redis-cart-c4fc658fb-6qn4n  -->  Threads = 7
Pod: shippingservice-5485cddddd-w8q8g  -->  Threads = 8

===== 2025-11-17 21:13:12 =====
Pod: adservice-69c999466b-l47d4  -->  Threads = 71
Pod: cartservice-74fdcbdfc7-snbhg  -->  Threads = 37
Pod: checkoutservice-87569748b-5zvmn  -->  Threads = 7
Pod: currencyservice-859cd748bb-rgncm  -->  Threads = 11
Pod: emailservice-774554554-vfjct  -->  Threads = 18
Pod: frontend-746b4ff874-t6ht2  -->  Threads = 7
Pod: kubernetes-dashboard-67f58969f5-w9bfg  -->  No data (pod might not be ready)
Pod: paymentservice-8bf8cf654-vkfcp  -->  Threads = 11
Pod: productcatalogservice-6696d846cb-hsjrg  -->  Threads = 9
Pod: recommendationservice-7dc89678c4-fmcrm  -->  Threads = 21
Pod: redis-cart-c4fc658fb-6qn4n  -->  Threads = 7
Pod: shippingservice-5485cddddd-w8q8g  -->  Threads = 8

===== 2025-11-17 21:13:21 =====
Pod: adservice-69c999466b-l47d4  -->  Threads = 71
Pod: cartservice-74fdcbdfc7-snbhg  -->  Threads = 36
Pod: checkoutservice-87569748b-5zvmn  -->  Threads = 7
Pod: currencyservice-859cd748bb-rgncm  -->  Threads = 11
Pod: emailservice-774554554-vfjct  -->  Threads = 18
Pod: frontend-746b4ff874-t6ht2  -->  Threads = 7
Pod: kubernetes-dashboard-67f58969f5-w9bfg  -->  No data (pod might not be ready)
Pod: paymentservice-8bf8cf654-vkfcp  -->  Threads = 11
Pod: productcatalogservice-6696d846cb-hsjrg  -->  Threads = 9
Pod: recommendationservice-7dc89678c4-fmcrm  -->  Threads = 21
Pod: redis-cart-c4fc658fb-6qn4n  -->  Threads = 7
Pod: shippingservice-5485cddddd-w8q8g  -->  Threads = 8

===== 2025-11-17 21:17:51 =====
Pod: adservice-69c999466b-l47d4  -->  Threads = 68
Pod: cartservice-74fdcbdfc7-snbhg  -->  Threads = 28
Pod: checkoutservice-87569748b-5zvmn  -->  Threads = 7
Pod: currencyservice-859cd748bb-rgncm  -->  Threads = 11
Pod: emailservice-774554554-vfjct  -->  Threads = 18
Pod: frontend-746b4ff874-t6ht2  -->  Threads = 7
Pod: kubernetes-dashboard-67f58969f5-w9bfg  -->  No data (pod might not be ready)
Pod: paymentservice-8bf8cf654-vkfcp  -->  Threads = 11
Pod: productcatalogservice-6696d846cb-hsjrg  -->  Threads = 9
Pod: recommendationservice-7dc89678c4-fmcrm  -->  Threads = 21
Pod: redis-cart-c4fc658fb-6qn4n  -->  Threads = 7
Pod: shippingservice-5485cddddd-w8q8g  -->  Threads = 8

===== 2025-11-17 21:17:59 =====
Pod: adservice-69c999466b-l47d4  -->  Threads = 68
Pod: cartservice-74fdcbdfc7-snbhg  -->  Threads = 28
Pod: checkoutservice-87569748b-5zvmn  -->  Threads = 7
Pod: currencyservice-859cd748bb-rgncm  -->  Threads = 11
Pod: emailservice-774554554-vfjct  -->  Threads = 18
Pod: frontend-746b4ff874-t6ht2  -->  Threads = 7
Pod: kubernetes-dashboard-67f58969f5-w9bfg  -->  No data (pod might not be ready)
Pod: paymentservice-8bf8cf654-vkfcp  -->  Threads = 11
Pod: productcatalogservice-6696d846cb-hsjrg  -->  Threads = 9
Pod: recommendationservice-7dc89678c4-fmcrm  -->  Threads = 21
Pod: redis-cart-c4fc658fb-6qn4n  -->  Threads = 7
Pod: shippingservice-5485cddddd-w8q8g  -->  Threads = 8

===== 2025-11-17 21:18:09 =====
Pod: adservice-69c999466b-l47d4  -->  Threads = 68
Pod: cartservice-74fdcbdfc7-snbhg  -->  Threads = 25
Pod: checkoutservice-87569748b-5zvmn  -->  Threads = 7
Pod: currencyservice-859cd748bb-rgncm  -->  Threads = 11
Pod: emailservice-774554554-vfjct  -->  Threads = 18
Pod: frontend-746b4ff874-t6ht2  -->  Threads = 7
Pod: kubernetes-dashboard-67f58969f5-w9bfg  -->  No data (pod might not be ready)
Pod: paymentservice-8bf8cf654-vkfcp  -->  Threads = 11
Pod: productcatalogservice-6696d846cb-hsjrg  -->  Threads = 9
Pod: recommendationservice-7dc89678c4-fmcrm  -->  Threads = 21
Pod: redis-cart-c4fc658fb-6qn4n  -->  Threads = 7
Pod: shippingservice-5485cddddd-w8q8g  -->  Threads = 8

===== 2025-11-17 21:18:17 =====
Pod: adservice-69c999466b-l47d4  -->  Threads = 58
Pod: cartservice-74fdcbdfc7-snbhg  -->  Threads = 25
Pod: checkoutservice-87569748b-5zvmn  -->  Threads = 7
Pod: currencyservice-859cd748bb-rgncm  -->  Threads = 11
Pod: emailservice-774554554-vfjct  -->  Threads = 18
Pod: frontend-746b4ff874-t6ht2  -->  Threads = 7
Pod: kubernetes-dashboard-67f58969f5-w9bfg  -->  No data (pod might not be ready)
Pod: paymentservice-8bf8cf654-vkfcp  -->  Threads = 11
Pod: productcatalogservice-6696d846cb-hsjrg  -->  Threads = 9
Pod: recommendationservice-7dc89678c4-fmcrm  -->  Threads = 20
Pod: redis-cart-c4fc658fb-6qn4n  -->  Threads = 7
Pod: shippingservice-5485cddddd-w8q8g  -->  Threads = 8

===== 2025-11-17 21:18:25 =====
Pod: adservice-69c999466b-l47d4  -->  Threads = 51
Pod: cartservice-74fdcbdfc7-snbhg  -->  Threads = 24
Pod: checkoutservice-87569748b-5zvmn  -->  Threads = 7
Pod: currencyservice-859cd748bb-rgncm  -->  Threads = 11
Pod: emailservice-774554554-vfjct  -->  Threads = 18
Pod: frontend-746b4ff874-t6ht2  -->  Threads = 7
Pod: kubernetes-dashboard-67f58969f5-w9bfg  -->  No data (pod might not be ready)
Pod: paymentservice-8bf8cf654-vkfcp  -->  Threads = 11
Pod: productcatalogservice-6696d846cb-hsjrg  -->  Threads = 9
Pod: recommendationservice-7dc89678c4-fmcrm  -->  Threads = 19
Pod: redis-cart-c4fc658fb-6qn4n  -->  Threads = 7
Pod: shippingservice-5485cddddd-w8q8g  -->  Threads = 8

===== 2025-11-17 21:18:33 =====
Pod: adservice-69c999466b-l47d4  -->  Threads = 51
Pod: cartservice-74fdcbdfc7-snbhg  -->  Threads = 23
Pod: checkoutservice-87569748b-5zvmn  -->  Threads = 7
Pod: currencyservice-859cd748bb-rgncm  -->  Threads = 11
Pod: emailservice-774554554-vfjct  -->  Threads = 18
Pod: frontend-746b4ff874-t6ht2  -->  Threads = 7
Pod: kubernetes-dashboard-67f58969f5-w9bfg  -->  No data (pod might not be ready)
Pod: paymentservice-8bf8cf654-vkfcp  -->  Threads = 11
Pod: productcatalogservice-6696d846cb-hsjrg  -->  Threads = 9
Pod: recommendationservice-7dc89678c4-fmcrm  -->  Threads = 19
Pod: redis-cart-c4fc658fb-6qn4n  -->  Threads = 7
Pod: shippingservice-5485cddddd-w8q8g  -->  Threads = 8

===== 2025-11-17 21:18:41 =====
Pod: adservice-69c999466b-l47d4  -->  Threads = 51
Pod: cartservice-74fdcbdfc7-snbhg  -->  Threads = 23
Pod: checkoutservice-87569748b-5zvmn  -->  Threads = 7
Pod: currencyservice-859cd748bb-rgncm  -->  Threads = 11
Pod: emailservice-774554554-vfjct  -->  Threads = 18
Pod: frontend-746b4ff874-t6ht2  -->  Threads = 7
Pod: kubernetes-dashboard-67f58969f5-w9bfg  -->  No data (pod might not be ready)
Pod: paymentservice-8bf8cf654-vkfcp  -->  Threads = 11
Pod: productcatalogservice-6696d846cb-hsjrg  -->  Threads = 9
Pod: recommendationservice-7dc89678c4-fmcrm  -->  Threads = 19
Pod: redis-cart-c4fc658fb-6qn4n  -->  Threads = 7
Pod: shippingservice-5485cddddd-w8q8g  -->  Threads = 8

===== 2025-11-17 21:18:49 =====
Pod: adservice-69c999466b-l47d4  -->  Threads = 20
Pod: cartservice-74fdcbdfc7-snbhg  -->  Threads = 23
Pod: checkoutservice-87569748b-5zvmn  -->  Threads = 7
Pod: currencyservice-859cd748bb-rgncm  -->  Threads = 11
Pod: emailservice-774554554-vfjct  -->  Threads = 18
Pod: frontend-746b4ff874-t6ht2  -->  Threads = 7
Pod: kubernetes-dashboard-67f58969f5-w9bfg  -->  No data (pod might not be ready)
Pod: paymentservice-8bf8cf654-vkfcp  -->  Threads = 11
Pod: productcatalogservice-6696d846cb-hsjrg  -->  Threads = 9
Pod: recommendationservice-7dc89678c4-fmcrm  -->  Threads = 19
Pod: redis-cart-c4fc658fb-6qn4n  -->  Threads = 7
Pod: shippingservice-5485cddddd-w8q8g  -->  Threads = 8

===== 2025-11-17 21:18:57 =====
Pod: adservice-69c999466b-l47d4  -->  Threads = 20
Pod: cartservice-74fdcbdfc7-snbhg  -->  Threads = 24
Pod: checkoutservice-87569748b-5zvmn  -->  Threads = 7
Pod: currencyservice-859cd748bb-rgncm  -->  Threads = 11
Pod: emailservice-774554554-vfjct  -->  Threads = 18
Pod: frontend-746b4ff874-t6ht2  -->  Threads = 7
Pod: kubernetes-dashboard-67f58969f5-w9bfg  -->  No data (pod might not be ready)
Pod: paymentservice-8bf8cf654-vkfcp  -->  Threads = 11
Pod: productcatalogservice-6696d846cb-hsjrg  -->  Threads = 9
Pod: recommendationservice-7dc89678c4-fmcrm  -->  Threads = 19
Pod: redis-cart-c4fc658fb-6qn4n  -->  Threads = 7
Pod: shippingservice-5485cddddd-w8q8g  -->  Threads = 8

===== 2025-11-17 21:19:05 =====
Pod: adservice-69c999466b-l47d4  -->  Threads = 20
Pod: cartservice-74fdcbdfc7-snbhg  -->  Threads = 24
Pod: checkoutservice-87569748b-5zvmn  -->  Threads = 7
Pod: currencyservice-859cd748bb-rgncm  -->  Threads = 11
Pod: emailservice-774554554-vfjct  -->  Threads = 18
Pod: frontend-746b4ff874-t6ht2  -->  Threads = 7
Pod: kubernetes-dashboard-67f58969f5-w9bfg  -->  No data (pod might not be ready)
Pod: paymentservice-8bf8cf654-vkfcp  -->  Threads = 11
Pod: productcatalogservice-6696d846cb-hsjrg  -->  Threads = 9
Pod: recommendationservice-7dc89678c4-fmcrm  -->  Threads = 19
Pod: redis-cart-c4fc658fb-6qn4n  -->  Threads = 7
Pod: shippingservice-5485cddddd-w8q8g  -->  Threads = 8

===== 2025-11-17 21:19:12 =====
Pod: adservice-69c999466b-l47d4  -->  Threads = 20
Pod: cartservice-74fdcbdfc7-snbhg  -->  Threads = 24
Pod: checkoutservice-87569748b-5zvmn  -->  Threads = 7
Pod: currencyservice-859cd748bb-rgncm  -->  Threads = 11
Pod: emailservice-774554554-vfjct  -->  Threads = 18
Pod: frontend-746b4ff874-t6ht2  -->  Threads = 7
Pod: kubernetes-dashboard-67f58969f5-w9bfg  -->  No data (pod might not be ready)
Pod: paymentservice-8bf8cf654-vkfcp  -->  Threads = 11
Pod: productcatalogservice-6696d846cb-hsjrg  -->  Threads = 9
Pod: recommendationservice-7dc89678c4-fmcrm  -->  Threads = 19
Pod: redis-cart-c4fc658fb-6qn4n  -->  Threads = 7
Pod: shippingservice-5485cddddd-w8q8g  -->  Threads = 8

===== 2025-11-17 21:19:20 =====
Pod: adservice-69c999466b-l47d4  -->  Threads = 20
Pod: cartservice-74fdcbdfc7-snbhg  -->  Threads = 24
Pod: checkoutservice-87569748b-5zvmn  -->  Threads = 7
Pod: currencyservice-859cd748bb-rgncm  -->  Threads = 11
Pod: emailservice-774554554-vfjct  -->  Threads = 18
Pod: frontend-746b4ff874-t6ht2  -->  Threads = 7
Pod: kubernetes-dashboard-67f58969f5-w9bfg  -->  No data (pod might not be ready)
Pod: paymentservice-8bf8cf654-vkfcp  -->  Threads = 11
Pod: productcatalogservice-6696d846cb-hsjrg  -->  Threads = 9
Pod: recommendationservice-7dc89678c4-fmcrm  -->  Threads = 19
Pod: redis-cart-c4fc658fb-6qn4n  -->  Threads = 7
Pod: shippingservice-5485cddddd-w8q8g  -->  Threads = 8

===== 2025-11-17 21:19:28 =====
Pod: adservice-69c999466b-l47d4  -->  Threads = 20
Pod: cartservice-74fdcbdfc7-snbhg  -->  Threads = 24
Pod: checkoutservice-87569748b-5zvmn  -->  Threads = 7
Pod: currencyservice-859cd748bb-rgncm  -->  Threads = 11
Pod: emailservice-774554554-vfjct  -->  Threads = 18
Pod: frontend-746b4ff874-t6ht2  -->  Threads = 7
Pod: kubernetes-dashboard-67f58969f5-w9bfg  -->  No data (pod might not be ready)
Pod: paymentservice-8bf8cf654-vkfcp  -->  Threads = 11
Pod: productcatalogservice-6696d846cb-hsjrg  -->  Threads = 9
Pod: recommendationservice-7dc89678c4-fmcrm  -->  Threads = 19
Pod: redis-cart-c4fc658fb-6qn4n  -->  Threads = 7
Pod: shippingservice-5485cddddd-w8q8g  -->  Threads = 8

===== 2025-11-17 21:19:36 =====
Pod: adservice-69c999466b-l47d4  -->  Threads = 20
Pod: cartservice-74fdcbdfc7-snbhg  -->  Threads = 24
Pod: checkoutservice-87569748b-5zvmn  -->  Threads = 7
Pod: currencyservice-859cd748bb-rgncm  -->  Threads = 11
Pod: emailservice-774554554-vfjct  -->  Threads = 18
Pod: frontend-746b4ff874-t6ht2  -->  Threads = 7
Pod: kubernetes-dashboard-67f58969f5-w9bfg  -->  No data (pod might not be ready)
Pod: paymentservice-8bf8cf654-vkfcp  -->  Threads = 11
Pod: productcatalogservice-6696d846cb-hsjrg  -->  Threads = 9
Pod: recommendationservice-7dc89678c4-fmcrm  -->  Threads = 19
Pod: redis-cart-c4fc658fb-6qn4n  -->  Threads = 7
Pod: shippingservice-5485cddddd-w8q8g  -->  Threads = 8

===== 2025-11-17 21:19:44 =====
Pod: adservice-69c999466b-l47d4  -->  Threads = 20
Pod: cartservice-74fdcbdfc7-snbhg  -->  Threads = 24
Pod: checkoutservice-87569748b-5zvmn  -->  Threads = 7
Pod: currencyservice-859cd748bb-rgncm  -->  Threads = 11
Pod: emailservice-774554554-vfjct  -->  Threads = 18
Pod: frontend-746b4ff874-t6ht2  -->  Threads = 7
Pod: kubernetes-dashboard-67f58969f5-w9bfg  -->  No data (pod might not be ready)
Pod: paymentservice-8bf8cf654-vkfcp  -->  Threads = 11
Pod: productcatalogservice-6696d846cb-hsjrg  -->  Threads = 9
Pod: recommendationservice-7dc89678c4-fmcrm  -->  Threads = 19
Pod: redis-cart-c4fc658fb-6qn4n  -->  Threads = 7
Pod: shippingservice-5485cddddd-w8q8g  -->  Threads = 8

===== 2025-11-17 21:19:52 =====
Pod: adservice-69c999466b-l47d4  -->  Threads = 20
Pod: cartservice-74fdcbdfc7-snbhg  -->  Threads = 24
Pod: checkoutservice-87569748b-5zvmn  -->  Threads = 7
Pod: currencyservice-859cd748bb-rgncm  -->  Threads = 11
Pod: emailservice-774554554-vfjct  -->  Threads = 18
Pod: frontend-746b4ff874-t6ht2  -->  Threads = 7
Pod: kubernetes-dashboard-67f58969f5-w9bfg  -->  No data (pod might not be ready)
Pod: paymentservice-8bf8cf654-vkfcp  -->  Threads = 11
Pod: productcatalogservice-6696d846cb-hsjrg  -->  Threads = 9
Pod: recommendationservice-7dc89678c4-fmcrm  -->  Threads = 19
Pod: redis-cart-c4fc658fb-6qn4n  -->  Threads = 7
Pod: shippingservice-5485cddddd-w8q8g  -->  Threads = 8

===== 2025-11-17 21:19:59 =====
Pod: adservice-69c999466b-l47d4  -->  Threads = 20
Pod: cartservice-74fdcbdfc7-snbhg  -->  Threads = 24
Pod: checkoutservice-87569748b-5zvmn  -->  Threads = 7
Pod: currencyservice-859cd748bb-rgncm  -->  Threads = 11
Pod: emailservice-774554554-vfjct  -->  Threads = 18
Pod: frontend-746b4ff874-t6ht2  -->  Threads = 7
Pod: kubernetes-dashboard-67f58969f5-w9bfg  -->  No data (pod might not be ready)
Pod: paymentservice-8bf8cf654-vkfcp  -->  Threads = 11
Pod: productcatalogservice-6696d846cb-hsjrg  -->  Threads = 9
Pod: recommendationservice-7dc89678c4-fmcrm  -->  Threads = 19
Pod: redis-cart-c4fc658fb-6qn4n  -->  Threads = 7
Pod: shippingservice-5485cddddd-w8q8g  -->  Threads = 8

===== 2025-11-17 21:20:11 =====
Pod: adservice-69c999466b-l47d4  -->  Threads = 20
Pod: cartservice-74fdcbdfc7-snbhg  -->  Threads = 24
Pod: checkoutservice-87569748b-5zvmn  -->  Threads = 7
Pod: currencyservice-859cd748bb-rgncm  -->  Threads = 11
Pod: emailservice-774554554-vfjct  -->  Threads = 18
Pod: frontend-746b4ff874-t6ht2  -->  Threads = 7
Pod: kubernetes-dashboard-67f58969f5-w9bfg  -->  No data (pod might not be ready)
Pod: paymentservice-8bf8cf654-vkfcp  -->  Threads = 11
Pod: productcatalogservice-6696d846cb-hsjrg  -->  Threads = 9
Pod: recommendationservice-7dc89678c4-fmcrm  -->  Threads = 19
Pod: redis-cart-c4fc658fb-6qn4n  -->  Threads = 7
Pod: shippingservice-5485cddddd-w8q8g  -->  Threads = 8

===== 2025-11-17 21:20:19 =====
Pod: adservice-69c999466b-l47d4  -->  Threads = 20
Pod: cartservice-74fdcbdfc7-snbhg  -->  Threads = 25
Pod: checkoutservice-87569748b-5zvmn  -->  Threads = 7
Pod: currencyservice-859cd748bb-rgncm  -->  Threads = 11
Pod: emailservice-774554554-vfjct  -->  Threads = 18
Pod: frontend-746b4ff874-t6ht2  -->  Threads = 7
Pod: kubernetes-dashboard-67f58969f5-w9bfg  -->  No data (pod might not be ready)
Pod: paymentservice-8bf8cf654-vkfcp  -->  Threads = 11
Pod: productcatalogservice-6696d846cb-hsjrg  -->  Threads = 9
Pod: recommendationservice-7dc89678c4-fmcrm  -->  Threads = 19
Pod: redis-cart-c4fc658fb-6qn4n  -->  Threads = 7
Pod: shippingservice-5485cddddd-w8q8g  -->  Threads = 8

===== 2025-11-17 21:20:26 =====
Pod: adservice-69c999466b-l47d4  -->  Threads = 20
Pod: cartservice-74fdcbdfc7-snbhg  -->  Threads = 25
Pod: checkoutservice-87569748b-5zvmn  -->  Threads = 7
Pod: currencyservice-859cd748bb-rgncm  -->  Threads = 11
Pod: emailservice-774554554-vfjct  -->  Threads = 18
Pod: frontend-746b4ff874-t6ht2  -->  Threads = 7
Pod: kubernetes-dashboard-67f58969f5-w9bfg  -->  No data (pod might not be ready)
Pod: paymentservice-8bf8cf654-vkfcp  -->  Threads = 11
Pod: productcatalogservice-6696d846cb-hsjrg  -->  Threads = 9
Pod: recommendationservice-7dc89678c4-fmcrm  -->  Threads = 19
Pod: redis-cart-c4fc658fb-6qn4n  -->  Threads = 7
Pod: shippingservice-5485cddddd-w8q8g  -->  Threads = 8

===== 2025-11-17 21:20:34 =====
Pod: adservice-69c999466b-l47d4  -->  Threads = 20
Pod: cartservice-74fdcbdfc7-snbhg  -->  Threads = 25
Pod: checkoutservice-87569748b-5zvmn  -->  Threads = 7
Pod: currencyservice-859cd748bb-rgncm  -->  Threads = 11
Pod: emailservice-774554554-vfjct  -->  Threads = 18
Pod: frontend-746b4ff874-t6ht2  -->  Threads = 7
Pod: kubernetes-dashboard-67f58969f5-w9bfg  -->  No data (pod might not be ready)
Pod: paymentservice-8bf8cf654-vkfcp  -->  Threads = 11
Pod: productcatalogservice-6696d846cb-hsjrg  -->  Threads = 9
Pod: recommendationservice-7dc89678c4-fmcrm  -->  Threads = 19
Pod: redis-cart-c4fc658fb-6qn4n  -->  Threads = 7
Pod: shippingservice-5485cddddd-w8q8g  -->  Threads = 8

===== 2025-11-17 21:20:42 =====
Pod: adservice-69c999466b-l47d4  -->  Threads = 20
Pod: cartservice-74fdcbdfc7-snbhg  -->  Threads = 25
Pod: checkoutservice-87569748b-5zvmn  -->  Threads = 7
Pod: currencyservice-859cd748bb-rgncm  -->  Threads = 11
Pod: emailservice-774554554-vfjct  -->  Threads = 18
Pod: frontend-746b4ff874-t6ht2  -->  Threads = 7
Pod: kubernetes-dashboard-67f58969f5-w9bfg  -->  No data (pod might not be ready)
Pod: paymentservice-8bf8cf654-vkfcp  -->  Threads = 11
Pod: productcatalogservice-6696d846cb-hsjrg  -->  Threads = 9
Pod: recommendationservice-7dc89678c4-fmcrm  -->  Threads = 19
Pod: redis-cart-c4fc658fb-6qn4n  -->  Threads = 7
Pod: shippingservice-5485cddddd-w8q8g  -->  Threads = 8

===== 2025-11-17 21:20:50 =====
Pod: adservice-69c999466b-l47d4  -->  Threads = 20
Pod: cartservice-74fdcbdfc7-snbhg  -->  Threads = 25
Pod: checkoutservice-87569748b-5zvmn  -->  Threads = 7
Pod: currencyservice-859cd748bb-rgncm  -->  Threads = 11
Pod: emailservice-774554554-vfjct  -->  Threads = 18
Pod: frontend-746b4ff874-t6ht2  -->  Threads = 7
Pod: kubernetes-dashboard-67f58969f5-w9bfg  -->  No data (pod might not be ready)
Pod: paymentservice-8bf8cf654-vkfcp  -->  Threads = 11
Pod: productcatalogservice-6696d846cb-hsjrg  -->  Threads = 9
Pod: recommendationservice-7dc89678c4-fmcrm  -->  Threads = 19
Pod: redis-cart-c4fc658fb-6qn4n  -->  Threads = 7
Pod: shippingservice-5485cddddd-w8q8g  -->  Threads = 8

===== 2025-11-17 21:20:58 =====
Pod: adservice-69c999466b-l47d4  -->  Threads = 20
Pod: cartservice-74fdcbdfc7-snbhg  -->  Threads = 25
Pod: checkoutservice-87569748b-5zvmn  -->  Threads = 7
Pod: currencyservice-859cd748bb-rgncm  -->  Threads = 11
Pod: emailservice-774554554-vfjct  -->  Threads = 18
Pod: frontend-746b4ff874-t6ht2  -->  Threads = 7
Pod: kubernetes-dashboard-67f58969f5-w9bfg  -->  No data (pod might not be ready)
Pod: paymentservice-8bf8cf654-vkfcp  -->  Threads = 11
Pod: productcatalogservice-6696d846cb-hsjrg  -->  Threads = 9
Pod: recommendationservice-7dc89678c4-fmcrm  -->  Threads = 19
Pod: redis-cart-c4fc658fb-6qn4n  -->  Threads = 7
Pod: shippingservice-5485cddddd-w8q8g  -->  Threads = 8

===== 2025-11-17 21:21:08 =====
Pod: adservice-69c999466b-l47d4  -->  Threads = 20
Pod: cartservice-74fdcbdfc7-snbhg  -->  Threads = 25
Pod: checkoutservice-87569748b-5zvmn  -->  Threads = 7
Pod: currencyservice-859cd748bb-rgncm  -->  Threads = 11
Pod: emailservice-774554554-vfjct  -->  Threads = 18
Pod: frontend-746b4ff874-t6ht2  -->  Threads = 7
Pod: kubernetes-dashboard-67f58969f5-w9bfg  -->  No data (pod might not be ready)
Pod: paymentservice-8bf8cf654-vkfcp  -->  Threads = 11
Pod: productcatalogservice-6696d846cb-hsjrg  -->  Threads = 9
Pod: recommendationservice-7dc89678c4-fmcrm  -->  Threads = 19
Pod: redis-cart-c4fc658fb-6qn4n  -->  Threads = 7
Pod: shippingservice-5485cddddd-w8q8g  -->  Threads = 8

===== 2025-11-17 21:21:16 =====
Pod: adservice-69c999466b-l47d4  -->  Threads = 20
Pod: cartservice-74fdcbdfc7-snbhg  -->  Threads = 26
Pod: checkoutservice-87569748b-5zvmn  -->  Threads = 7
Pod: currencyservice-859cd748bb-rgncm  -->  Threads = 11
Pod: emailservice-774554554-vfjct  -->  Threads = 18
Pod: frontend-746b4ff874-t6ht2  -->  Threads = 7
Pod: kubernetes-dashboard-67f58969f5-w9bfg  -->  No data (pod might not be ready)
Pod: paymentservice-8bf8cf654-vkfcp  -->  Threads = 11
Pod: productcatalogservice-6696d846cb-hsjrg  -->  Threads = 9
Pod: recommendationservice-7dc89678c4-fmcrm  -->  Threads = 19
Pod: redis-cart-c4fc658fb-6qn4n  -->  Threads = 7
Pod: shippingservice-5485cddddd-w8q8g  -->  Threads = 8

===== 2025-11-17 21:21:24 =====
Pod: adservice-69c999466b-l47d4  -->  Threads = 20
Pod: cartservice-74fdcbdfc7-snbhg  -->  Threads = 26
Pod: checkoutservice-87569748b-5zvmn  -->  Threads = 7
Pod: currencyservice-859cd748bb-rgncm  -->  Threads = 11
Pod: emailservice-774554554-vfjct  -->  Threads = 18
Pod: frontend-746b4ff874-t6ht2  -->  Threads = 7
Pod: kubernetes-dashboard-67f58969f5-w9bfg  -->  No data (pod might not be ready)
Pod: paymentservice-8bf8cf654-vkfcp  -->  Threads = 11
Pod: productcatalogservice-6696d846cb-hsjrg  -->  Threads = 9
Pod: recommendationservice-7dc89678c4-fmcrm  -->  Threads = 19
Pod: redis-cart-c4fc658fb-6qn4n  -->  Threads = 7
Pod: shippingservice-5485cddddd-w8q8g  -->  Threads = 8

===== 2025-11-17 21:21:32 =====
Pod: adservice-69c999466b-l47d4  -->  Threads = 20
Pod: cartservice-74fdcbdfc7-snbhg  -->  Threads = 26
Pod: checkoutservice-87569748b-5zvmn  -->  Threads = 7
Pod: currencyservice-859cd748bb-rgncm  -->  Threads = 11
Pod: emailservice-774554554-vfjct  -->  Threads = 18
Pod: frontend-746b4ff874-t6ht2  -->  Threads = 7
Pod: kubernetes-dashboard-67f58969f5-w9bfg  -->  No data (pod might not be ready)
Pod: paymentservice-8bf8cf654-vkfcp  -->  Threads = 11
Pod: productcatalogservice-6696d846cb-hsjrg  -->  Threads = 9
Pod: recommendationservice-7dc89678c4-fmcrm  -->  Threads = 19
Pod: redis-cart-c4fc658fb-6qn4n  -->  Threads = 7
Pod: shippingservice-5485cddddd-w8q8g  -->  Threads = 8

===== 2025-11-17 21:21:40 =====
Pod: adservice-69c999466b-l47d4  -->  Threads = 20
Pod: cartservice-74fdcbdfc7-snbhg  -->  Threads = 24
Pod: checkoutservice-87569748b-5zvmn  -->  Threads = 7
Pod: currencyservice-859cd748bb-rgncm  -->  Threads = 11
Pod: emailservice-774554554-vfjct  -->  Threads = 18
Pod: frontend-746b4ff874-t6ht2  -->  Threads = 7
Pod: kubernetes-dashboard-67f58969f5-w9bfg  -->  No data (pod might not be ready)
Pod: paymentservice-8bf8cf654-vkfcp  -->  Threads = 11
Pod: productcatalogservice-6696d846cb-hsjrg  -->  Threads = 9
Pod: recommendationservice-7dc89678c4-fmcrm  -->  Threads = 19
Pod: redis-cart-c4fc658fb-6qn4n  -->  Threads = 7
Pod: shippingservice-5485cddddd-w8q8g  -->  Threads = 8

===== 2025-11-17 21:21:48 =====
Pod: adservice-69c999466b-l47d4  -->  Threads = 20
Pod: cartservice-74fdcbdfc7-snbhg  -->  Threads = 25
Pod: checkoutservice-87569748b-5zvmn  -->  Threads = 7
Pod: currencyservice-859cd748bb-rgncm  -->  Threads = 11
Pod: emailservice-774554554-vfjct  -->  Threads = 18
Pod: frontend-746b4ff874-t6ht2  -->  Threads = 7
Pod: kubernetes-dashboard-67f58969f5-w9bfg  -->  No data (pod might not be ready)
Pod: paymentservice-8bf8cf654-vkfcp  -->  Threads = 11
Pod: productcatalogservice-6696d846cb-hsjrg  -->  Threads = 9
Pod: recommendationservice-7dc89678c4-fmcrm  -->  Threads = 19
Pod: redis-cart-c4fc658fb-6qn4n  -->  Threads = 7
Pod: shippingservice-5485cddddd-w8q8g  -->  Threads = 8

===== 2025-11-17 21:21:56 =====
Pod: adservice-69c999466b-l47d4  -->  Threads = 20
Pod: cartservice-74fdcbdfc7-snbhg  -->  Threads = 25
Pod: checkoutservice-87569748b-5zvmn  -->  Threads = 7
Pod: currencyservice-859cd748bb-rgncm  -->  Threads = 11
Pod: emailservice-774554554-vfjct  -->  Threads = 18
Pod: frontend-746b4ff874-t6ht2  -->  Threads = 7
Pod: kubernetes-dashboard-67f58969f5-w9bfg  -->  No data (pod might not be ready)
Pod: paymentservice-8bf8cf654-vkfcp  -->  Threads = 11
Pod: productcatalogservice-6696d846cb-hsjrg  -->  Threads = 9
Pod: recommendationservice-7dc89678c4-fmcrm  -->  Threads = 19
Pod: redis-cart-c4fc658fb-6qn4n  -->  Threads = 7
Pod: shippingservice-5485cddddd-w8q8g  -->  Threads = 8

===== 2025-11-17 21:22:04 =====
Pod: adservice-69c999466b-l47d4  -->  Threads = 20
Pod: cartservice-74fdcbdfc7-snbhg  -->  Threads = 25
Pod: checkoutservice-87569748b-5zvmn  -->  Threads = 7
Pod: currencyservice-859cd748bb-rgncm  -->  Threads = 11
Pod: emailservice-774554554-vfjct  -->  Threads = 18
Pod: frontend-746b4ff874-t6ht2  -->  Threads = 7
Pod: kubernetes-dashboard-67f58969f5-w9bfg  -->  No data (pod might not be ready)
Pod: paymentservice-8bf8cf654-vkfcp  -->  Threads = 11
Pod: productcatalogservice-6696d846cb-hsjrg  -->  Threads = 9
Pod: recommendationservice-7dc89678c4-fmcrm  -->  Threads = 19
Pod: redis-cart-c4fc658fb-6qn4n  -->  Threads = 7
Pod: shippingservice-5485cddddd-w8q8g  -->  Threads = 8

===== 2025-11-17 21:22:12 =====
Pod: adservice-69c999466b-l47d4  -->  Threads = 20
Pod: cartservice-74fdcbdfc7-snbhg  -->  Threads = 25
Pod: checkoutservice-87569748b-5zvmn  -->  Threads = 7
Pod: currencyservice-859cd748bb-rgncm  -->  Threads = 11
Pod: emailservice-774554554-vfjct  -->  Threads = 18
Pod: frontend-746b4ff874-t6ht2  -->  Threads = 7
Pod: kubernetes-dashboard-67f58969f5-w9bfg  -->  No data (pod might not be ready)
Pod: paymentservice-8bf8cf654-vkfcp  -->  Threads = 11
Pod: productcatalogservice-6696d846cb-hsjrg  -->  Threads = 9
Pod: recommendationservice-7dc89678c4-fmcrm  -->  Threads = 19
Pod: redis-cart-c4fc658fb-6qn4n  -->  Threads = 7
Pod: shippingservice-5485cddddd-w8q8g  -->  Threads = 8

===== 2025-11-17 21:22:20 =====
Pod: adservice-69c999466b-l47d4  -->  Threads = 20
Pod: cartservice-74fdcbdfc7-snbhg  -->  Threads = 25
Pod: checkoutservice-87569748b-5zvmn  -->  Threads = 7
Pod: currencyservice-859cd748bb-rgncm  -->  Threads = 11
Pod: emailservice-774554554-vfjct  -->  Threads = 18
Pod: frontend-746b4ff874-t6ht2  -->  Threads = 7
Pod: kubernetes-dashboard-67f58969f5-w9bfg  -->  No data (pod might not be ready)
Pod: paymentservice-8bf8cf654-vkfcp  -->  Threads = 11
Pod: productcatalogservice-6696d846cb-hsjrg  -->  Threads = 9
Pod: recommendationservice-7dc89678c4-fmcrm  -->  Threads = 19
Pod: redis-cart-c4fc658fb-6qn4n  -->  Threads = 7
Pod: shippingservice-5485cddddd-w8q8g  -->  Threads = 8

===== 2025-11-17 21:22:27 =====
Pod: adservice-69c999466b-l47d4  -->  Threads = 20
Pod: cartservice-74fdcbdfc7-snbhg  -->  Threads = 26
Pod: checkoutservice-87569748b-5zvmn  -->  Threads = 7
Pod: currencyservice-859cd748bb-rgncm  -->  Threads = 11
Pod: emailservice-774554554-vfjct  -->  Threads = 18
Pod: frontend-746b4ff874-t6ht2  -->  Threads = 7
Pod: kubernetes-dashboard-67f58969f5-w9bfg  -->  No data (pod might not be ready)
Pod: paymentservice-8bf8cf654-vkfcp  -->  Threads = 11
Pod: productcatalogservice-6696d846cb-hsjrg  -->  Threads = 9
Pod: recommendationservice-7dc89678c4-fmcrm  -->  Threads = 19
Pod: redis-cart-c4fc658fb-6qn4n  -->  Threads = 7
Pod: shippingservice-5485cddddd-w8q8g  -->  Threads = 8

===== 2025-11-17 21:22:35 =====
Pod: adservice-69c999466b-l47d4  -->  Threads = 20
Pod: cartservice-74fdcbdfc7-snbhg  -->  Threads = 26
Pod: checkoutservice-87569748b-5zvmn  -->  Threads = 7
Pod: currencyservice-859cd748bb-rgncm  -->  Threads = 11
Pod: emailservice-774554554-vfjct  -->  Threads = 18
Pod: frontend-746b4ff874-t6ht2  -->  Threads = 7
Pod: kubernetes-dashboard-67f58969f5-w9bfg  -->  No data (pod might not be ready)
Pod: paymentservice-8bf8cf654-vkfcp  -->  Threads = 11
Pod: productcatalogservice-6696d846cb-hsjrg  -->  Threads = 9
Pod: recommendationservice-7dc89678c4-fmcrm  -->  Threads = 19
Pod: redis-cart-c4fc658fb-6qn4n  -->  Threads = 7
Pod: shippingservice-5485cddddd-w8q8g  -->  Threads = 8

===== 2025-11-17 21:22:43 =====
Pod: adservice-69c999466b-l47d4  -->  Threads = 20
Pod: cartservice-74fdcbdfc7-snbhg  -->  Threads = 25
Pod: checkoutservice-87569748b-5zvmn  -->  Threads = 7
Pod: currencyservice-859cd748bb-rgncm  -->  Threads = 11
Pod: emailservice-774554554-vfjct  -->  Threads = 18
Pod: frontend-746b4ff874-t6ht2  -->  Threads = 7
Pod: kubernetes-dashboard-67f58969f5-w9bfg  -->  No data (pod might not be ready)
Pod: paymentservice-8bf8cf654-vkfcp  -->  Threads = 11
Pod: productcatalogservice-6696d846cb-hsjrg  -->  Threads = 9
Pod: recommendationservice-7dc89678c4-fmcrm  -->  Threads = 19
Pod: redis-cart-c4fc658fb-6qn4n  -->  Threads = 7
Pod: shippingservice-5485cddddd-w8q8g  -->  Threads = 8

===== 2025-11-17 21:22:51 =====
Pod: adservice-69c999466b-l47d4  -->  Threads = 20
Pod: cartservice-74fdcbdfc7-snbhg  -->  Threads = 25
Pod: checkoutservice-87569748b-5zvmn  -->  Threads = 7
Pod: currencyservice-859cd748bb-rgncm  -->  Threads = 11
Pod: emailservice-774554554-vfjct  -->  Threads = 18
Pod: frontend-746b4ff874-t6ht2  -->  Threads = 7
Pod: kubernetes-dashboard-67f58969f5-w9bfg  -->  No data (pod might not be ready)
Pod: paymentservice-8bf8cf654-vkfcp  -->  Threads = 11
Pod: productcatalogservice-6696d846cb-hsjrg  -->  Threads = 9
Pod: recommendationservice-7dc89678c4-fmcrm  -->  Threads = 19
Pod: redis-cart-c4fc658fb-6qn4n  -->  Threads = 7
Pod: shippingservice-5485cddddd-w8q8g  -->  Threads = 8

===== 2025-11-17 21:22:59 =====
Pod: adservice-69c999466b-l47d4  -->  Threads = 20
Pod: cartservice-74fdcbdfc7-snbhg  -->  Threads = 25
Pod: checkoutservice-87569748b-5zvmn  -->  Threads = 7
Pod: currencyservice-859cd748bb-rgncm  -->  Threads = 11
Pod: emailservice-774554554-vfjct  -->  Threads = 18
Pod: frontend-746b4ff874-t6ht2  -->  Threads = 7
Pod: kubernetes-dashboard-67f58969f5-w9bfg  -->  No data (pod might not be ready)
Pod: paymentservice-8bf8cf654-vkfcp  -->  Threads = 11
Pod: productcatalogservice-6696d846cb-hsjrg  -->  Threads = 9
Pod: recommendationservice-7dc89678c4-fmcrm  -->  Threads = 19
Pod: redis-cart-c4fc658fb-6qn4n  -->  Threads = 7
Pod: shippingservice-5485cddddd-w8q8g  -->  Threads = 8

===== 2025-11-17 21:23:08 =====
Pod: adservice-69c999466b-l47d4  -->  Threads = 20
Pod: cartservice-74fdcbdfc7-snbhg  -->  Threads = 25
Pod: checkoutservice-87569748b-5zvmn  -->  Threads = 7
Pod: currencyservice-859cd748bb-rgncm  -->  Threads = 11
Pod: emailservice-774554554-vfjct  -->  Threads = 18
Pod: frontend-746b4ff874-t6ht2  -->  Threads = 7
Pod: kubernetes-dashboard-67f58969f5-w9bfg  -->  No data (pod might not be ready)
Pod: paymentservice-8bf8cf654-vkfcp  -->  Threads = 11
Pod: productcatalogservice-6696d846cb-hsjrg  -->  Threads = 9
Pod: recommendationservice-7dc89678c4-fmcrm  -->  Threads = 19
Pod: redis-cart-c4fc658fb-6qn4n  -->  Threads = 7
Pod: shippingservice-5485cddddd-w8q8g  -->  Threads = 8

===== 2025-11-17 21:23:16 =====
Pod: adservice-69c999466b-l47d4  -->  Threads = 20
Pod: cartservice-74fdcbdfc7-snbhg  -->  Threads = 27
Pod: checkoutservice-87569748b-5zvmn  -->  Threads = 7
Pod: currencyservice-859cd748bb-rgncm  -->  Threads = 11
Pod: emailservice-774554554-vfjct  -->  Threads = 18
Pod: frontend-746b4ff874-t6ht2  -->  Threads = 7
Pod: kubernetes-dashboard-67f58969f5-w9bfg  -->  No data (pod might not be ready)
Pod: paymentservice-8bf8cf654-vkfcp  -->  Threads = 11
Pod: productcatalogservice-6696d846cb-hsjrg  -->  Threads = 9
Pod: recommendationservice-7dc89678c4-fmcrm  -->  Threads = 19
Pod: redis-cart-c4fc658fb-6qn4n  -->  Threads = 7
Pod: shippingservice-5485cddddd-w8q8g  -->  Threads = 8

===== 2025-11-17 21:23:24 =====
Pod: adservice-69c999466b-l47d4  -->  Threads = 20
Pod: cartservice-74fdcbdfc7-snbhg  -->  Threads = 27
Pod: checkoutservice-87569748b-5zvmn  -->  Threads = 7
Pod: currencyservice-859cd748bb-rgncm  -->  Threads = 11
Pod: emailservice-774554554-vfjct  -->  Threads = 18
Pod: frontend-746b4ff874-t6ht2  -->  Threads = 7
Pod: kubernetes-dashboard-67f58969f5-w9bfg  -->  No data (pod might not be ready)
Pod: paymentservice-8bf8cf654-vkfcp  -->  Threads = 11
Pod: productcatalogservice-6696d846cb-hsjrg  -->  Threads = 9
Pod: recommendationservice-7dc89678c4-fmcrm  -->  Threads = 19
Pod: redis-cart-c4fc658fb-6qn4n  -->  Threads = 7
Pod: shippingservice-5485cddddd-w8q8g  -->  Threads = 8

===== 2025-11-17 21:23:32 =====
Pod: adservice-69c999466b-l47d4  -->  Threads = 20
Pod: cartservice-74fdcbdfc7-snbhg  -->  Threads = 27
Pod: checkoutservice-87569748b-5zvmn  -->  Threads = 7
Pod: currencyservice-859cd748bb-rgncm  -->  Threads = 11
Pod: emailservice-774554554-vfjct  -->  Threads = 18
Pod: frontend-746b4ff874-t6ht2  -->  Threads = 7
Pod: kubernetes-dashboard-67f58969f5-w9bfg  -->  No data (pod might not be ready)
Pod: paymentservice-8bf8cf654-vkfcp  -->  Threads = 11
Pod: productcatalogservice-6696d846cb-hsjrg  -->  Threads = 9
Pod: recommendationservice-7dc89678c4-fmcrm  -->  Threads = 19
Pod: redis-cart-c4fc658fb-6qn4n  -->  Threads = 7
Pod: shippingservice-5485cddddd-w8q8g  -->  Threads = 8

===== 2025-11-17 21:23:40 =====
Pod: adservice-69c999466b-l47d4  -->  Threads = 20
Pod: cartservice-74fdcbdfc7-snbhg  -->  Threads = 24
Pod: checkoutservice-87569748b-5zvmn  -->  Threads = 7
Pod: currencyservice-859cd748bb-rgncm  -->  Threads = 11
Pod: emailservice-774554554-vfjct  -->  Threads = 18
Pod: frontend-746b4ff874-t6ht2  -->  Threads = 7
Pod: kubernetes-dashboard-67f58969f5-w9bfg  -->  No data (pod might not be ready)
Pod: paymentservice-8bf8cf654-vkfcp  -->  Threads = 11
Pod: productcatalogservice-6696d846cb-hsjrg  -->  Threads = 9
Pod: recommendationservice-7dc89678c4-fmcrm  -->  Threads = 19
Pod: redis-cart-c4fc658fb-6qn4n  -->  Threads = 7
Pod: shippingservice-5485cddddd-w8q8g  -->  Threads = 8

===== 2025-11-17 21:23:48 =====
Pod: adservice-69c999466b-l47d4  -->  Threads = 20
Pod: cartservice-74fdcbdfc7-snbhg  -->  Threads = 24
Pod: checkoutservice-87569748b-5zvmn  -->  Threads = 7
Pod: currencyservice-859cd748bb-rgncm  -->  Threads = 11
Pod: emailservice-774554554-vfjct  -->  Threads = 18
Pod: frontend-746b4ff874-t6ht2  -->  Threads = 7
Pod: kubernetes-dashboard-67f58969f5-w9bfg  -->  No data (pod might not be ready)
Pod: paymentservice-8bf8cf654-vkfcp  -->  Threads = 11
Pod: productcatalogservice-6696d846cb-hsjrg  -->  Threads = 9
Pod: recommendationservice-7dc89678c4-fmcrm  -->  Threads = 19
Pod: redis-cart-c4fc658fb-6qn4n  -->  Threads = 7
Pod: shippingservice-5485cddddd-w8q8g  -->  Threads = 8

===== 2025-12-01 13:52:39 =====
Pod: adservice-69c999466b-cltx7  -->  Threads = 39
Pod: cartservice-74fdcbdfc7-mwnqc  -->  Threads = 25
Pod: checkoutservice-87569748b-59tsr  -->  Threads = 7
Pod: currencyservice-859cd748bb-jwhhf  -->  Threads = 11
Pod: emailservice-774554554-g8d88  -->  Threads = 11
Pod: frontend-5c7dfbfd5d-txfpn  -->  Threads = 7
Pod: kubernetes-dashboard-67f58969f5-2chwr  -->  No data (pod might not be ready)
Pod: paymentservice-8bf8cf654-7lpvk  -->  Threads = 11
Pod: productcatalogservice-6696d846cb-sjclv  -->  Threads = 9
Pod: recommendationservice-7dc89678c4-zvdcm  -->  Threads = 19
Pod: redis-cart-c4fc658fb-lk5bz  -->  Threads = 7
Pod: shippingservice-5485cddddd-nj4jh  -->  Threads = 7

